// Jest Snapshot v1, https://goo.gl/fbAQLP

exports[`GET /hello error when missing authorization header 1`] = `
Object {
  "error": Object {
    "code": "E001",
    "message": "Authentication required!",
  },
}
`;

exports[`GET /hello retrieves user name 1`] = `
Object {
  "message": "Hello curry",
}
`;
